apiVersion: v1
kind: ServiceAccount
metadata:
  annotations:
    resourcelocker.syn.tools/target-object: Namespace/openshift-monitoring
  labels:
    app.kubernetes.io/managed-by: commodore
    app.kubernetes.io/part-of: openshift4-monitoring
    name: namespace-openshift-monitoring-c4273dc15ddfdf7-manager
  name: namespace-openshift-monitoring-c4273dc15ddfdf7-manager
  namespace: syn-resource-locker
secrets:
  - name: namespace-openshift-monitoring-c4273dc15ddfdf7-manager
---
apiVersion: v1
kind: Secret
metadata:
  annotations:
    kubernetes.io/service-account.name: namespace-openshift-monitoring-c4273dc15ddfdf7-manager
    resourcelocker.syn.tools/target-object: Namespace/openshift-monitoring
  labels:
    app.kubernetes.io/managed-by: commodore
    app.kubernetes.io/part-of: openshift4-monitoring
    name: namespace-openshift-monitoring-c4273dc15ddfdf7-manager
  name: namespace-openshift-monitoring-c4273dc15ddfdf7-manager
  namespace: syn-resource-locker
type: kubernetes.io/service-account-token
---
apiVersion: rbac.authorization.k8s.io/v1
kind: ClusterRole
metadata:
  annotations:
    resourcelocker.syn.tools/target-object: Namespace/openshift-monitoring
  labels:
    app.kubernetes.io/managed-by: commodore
    app.kubernetes.io/part-of: openshift4-monitoring
    name: syn-resource-locker-penshift-monitoring-c4273dc15ddfdf7-manager
  name: syn-resource-locker-penshift-monitoring-c4273dc15ddfdf7-manager
rules:
  - apiGroups:
      - ''
    resources:
      - namespaces
    verbs:
      - get
      - list
      - patch
      - watch
---
apiVersion: rbac.authorization.k8s.io/v1
kind: ClusterRoleBinding
metadata:
  annotations:
    resourcelocker.syn.tools/target-object: Namespace/openshift-monitoring
  labels:
    app.kubernetes.io/managed-by: commodore
    app.kubernetes.io/part-of: openshift4-monitoring
    name: syn-resource-locker-penshift-monitoring-c4273dc15ddfdf7-manager
  name: syn-resource-locker-penshift-monitoring-c4273dc15ddfdf7-manager
roleRef:
  apiGroup: rbac.authorization.k8s.io
  kind: ClusterRole
  name: syn-resource-locker-penshift-monitoring-c4273dc15ddfdf7-manager
subjects:
  - kind: ServiceAccount
    name: namespace-openshift-monitoring-c4273dc15ddfdf7-manager
    namespace: syn-resource-locker
---
apiVersion: redhatcop.redhat.io/v1alpha1
kind: ResourceLocker
metadata:
  annotations:
    argocd.argoproj.io/sync-options: SkipDryRunOnMissingResource=true
  labels:
    name: namespace-openshift-monitoring-c4273dc15ddfdf7
  name: namespace-openshift-monitoring-c4273dc15ddfdf7
  namespace: syn-resource-locker
spec:
  patches:
    - id: patch1
      patchTemplate: "\"metadata\":\n  \"labels\":\n    \"network.openshift.io/policy-group\"\
        : \"monitoring\""
      patchType: application/strategic-merge-patch+json
      targetObjectRef:
        apiVersion: v1
        kind: Namespace
        name: openshift-monitoring
  serviceAccountRef:
    name: namespace-openshift-monitoring-c4273dc15ddfdf7-manager
