apiVersion: v1
data: {}
kind: Secret
metadata:
  annotations: {}
  labels:
    name: remote-write
  name: remote-write
stringData:
  password: prometheus
  url: https://prometheus.example.com/api/v1/write
  username: prometheus
type: Opaque
