apiVersion: v1
kind: Namespace
metadata:
  annotations: {}
  labels:
    monitoring.syn.tools/infra: 'true'
    name: syn-monitoring-openshift4-monitoring
  name: syn-monitoring-openshift4-monitoring
---
apiVersion: monitoring.coreos.com/v1
kind: ServiceMonitor
metadata:
  annotations: {}
  labels:
    name: alertmanager-main
  name: alertmanager-main
  namespace: syn-monitoring-openshift4-monitoring
spec:
  endpoints:
    - bearerTokenSecret:
        key: ''
      interval: 30s
      port: metrics
      scheme: https
      tlsConfig:
        caFile: /var/run/secrets/kubernetes.io/serviceaccount/service-ca.crt
        certFile: /etc/prometheus/secrets/ocp-metric-client-certs-monitoring/tls.crt
        keyFile: /etc/prometheus/secrets/ocp-metric-client-certs-monitoring/tls.key
        serverName: alertmanager-main.openshift-monitoring.svc
  namespaceSelector:
    matchNames:
      - openshift-monitoring
  selector:
    matchLabels:
      app.kubernetes.io/component: alert-router
      app.kubernetes.io/instance: main
      app.kubernetes.io/name: alertmanager
      app.kubernetes.io/part-of: openshift-monitoring
